// Jest Snapshot v1, https://goo.gl/fbAQLP

exports[`Pruebas en gif expert app component should mostrar el componente correctamente 1`] = `
<div>
  <h2>
    GifExpertApp
  </h2>
  <AddCategory
    setCategories={[Function]}
  />
  <hr />
  <ol />
</div>
`;
