// Jest Snapshot v1, https://goo.gl/fbAQLP

exports[`Pruebas en AddCategory component Debe mostrar el snapshot correcto 1`] = `
<form
  onSubmit={[Function]}
>
  <input
    onChange={[Function]}
    type="text"
    value=""
  />
</form>
`;
